// Jest Snapshot v1, https://goo.gl/fbAQLP

exports[`snapshot 1`] = `
<div>
  <div
    className="pagination-wrapper"
  >
    <ul
      className="pagination"
    >
      <li
        className="page-item"
        onClick={[Function]}
      >
        <img
          alt="arrow"
          className="page-link"
          src="left-arr.svg"
        />
      </li>
      <li
        className="page-item"
        onClick={[Function]}
      >
        <span
          className="page-link"
        >
          2
        </span>
      </li>
      <li
        className="page-item"
        onClick={[Function]}
      >
        <span
          className="page-link"
        >
          3
        </span>
      </li>
      <li
        className="page-item"
        onClick={[Function]}
      >
        <span
          className="page-link"
        >
          4
        </span>
      </li>
      <li
        className="page-item active"
      >
        <span
          className="page-link"
        >
          5
        </span>
      </li>
      <li
        className="page-item"
        onClick={[Function]}
      >
        <span
          className="page-link"
        >
          6
        </span>
      </li>
      <li
        className="page-item"
        onClick={[Function]}
      >
        <span
          className="page-link"
        >
          7
        </span>
      </li>
      <li
        className="page-item"
        onClick={[Function]}
      >
        <span
          className="page-link"
        >
          8
        </span>
      </li>
      <li
        className="page-item"
        onClick={[Function]}
      >
        <img
          alt="arrow"
          className="page-link"
          src="right-arr.svg"
        />
      </li>
    </ul>
  </div>
</div>
`;
